({(c1,Kowalski,[7#{(2011)},A#{(An Empirical Study on the AND)}])},{})
