({(c1,1,Kowalski,[EX_YEAR#{(2011)},EX_TITLE#{(An Empirical Study on the AND)}])},{})
