(374259b3-d27b-3a3d-a809-f4af388d005f,{(d8),(d7),(d15),(d14),(d13),(d1),(d2),(d3),(d4),(d5),(d6),(d12),(d11),(d10),(d9)})
(cfa3c4cc-dadd-3320-85f7-c4bf664ef9ef,{(c9),(c7)})
(3894d1ed-e73b-3abf-ac9f-20a1c9c73094,{(c3),(c4)})
(a7d0bb6e-55c9-3220-a8ca-253012c7e58d,{(c1),(c2),(c5),(c10)})
(c419da3b-921e-3781-9904-29ff0e51f2a6,{(c6),(c11)})
(deb85ef2-3c0e-3c74-bbe6-a0191a23541b,{(c8)})
(a37c3aca-7918-3ee3-a8fa-d7205c407adc,{(b4),(b3)})
(314e71c6-4276-3749-8f59-cd600a1caab3,{(b2),(b1)})
(33ccb950-503a-3802-bbd9-54909ff4c9f5,{(a5),(a4)})
(f11dc577-1972-3cd1-96de-cc33869d525f,{(a3)})
(317f53fd-9236-320d-8ab6-5e4aac4b3c5a,{(a2),(a1)})

