({(c1,Kowalski,[EX_KEYWORDS#{(2011)},EX_TITLE#{(An Empirical Study on the AND)}]),(c2,Kowalski,[EX_KEYWORDS#{(2011)},EX_DOES_NOT_EXIST#{(Unused information)},EX_TITLE#{(An Empirical Study on the AND)}]),(c3,Kowalski,[EX_KEYWORDS#{(2011)},EX_TITLE#{()}]),(c4,Kowalski,[EX_KEYWORDS#{(2011)},EX_TITLE#{}]),(c5,Kowalski,[EX_KEYWORDS#{(2011)}])},{(1,0,1.0),(2,0,0.0),(3,0,0.0),(4,0,0.0)})
({(c6,Kowalski,)},{})
