(c803522c-d056-30be-a5ca-a4e552080ab5,{(c1),(c2),(c3),(c4),(c5)})
