({(d8,Wos,[EX_KEYWORDS#{(2000)},EX_TITLE#{(Tit)}]),(d7,Wos,[EX_KEYWORDS#{(2000)},EX_TITLE#{(Tit)}]),(d15,Wos,[EX_KEYWORDS#{(2000)},EX_TITLE#{(Tit)}]),(d14,Wos,[EX_KEYWORDS#{(2000)},EX_TITLE#{(Tit)}]),(d13,Wos,[EX_KEYWORDS#{(2000)},EX_TITLE#{(Tit)}]),(d1,Wos,[EX_KEYWORDS#{(2000)},EX_TITLE#{(Tit)}]),(d2,Wos,[EX_KEYWORDS#{(2000)},EX_TITLE#{(Tit)}]),(d3,Wos,[EX_KEYWORDS#{(2000)},EX_TITLE#{(Tit)}]),(d4,Wos,[EX_KEYWORDS#{(2000)},EX_TITLE#{(Tit)}]),(d5,Wos,[EX_KEYWORDS#{(2000)},EX_TITLE#{(Tit)}]),(d6,Wos,[EX_KEYWORDS#{(2000)},EX_TITLE#{(Tit)}]),(d12,Wos,[EX_KEYWORDS#{(2000)},EX_TITLE#{(Tit)}]),(d11,Wos,[EX_KEYWORDS#{(2000)},EX_TITLE#{(Tit)}]),(d10,Wos,[EX_KEYWORDS#{(2000)},EX_TITLE#{(Tit)}]),(d9,Wos,[EX_KEYWORDS#{(2000)},EX_TITLE#{(Tit)}])},{(1,0,1.0),(2,0,1.0),(3,0,1.0),(4,0,1.0),(5,0,1.0),(6,0,1.0),(7,0,1.0),(8,0,1.0),(9,0,1.0),(10,0,1.0),(11,0,1.0),(12,0,1.0),(13,0,1.0),(14,0,1.0)})
({(c9,Nowak,[EX_KEYWORDS#{(1990)},EX_TITLE#{(An Empirical Study on the BRAND)}]),(c7,Nowak,[EX_KEYWORDS#{(1980)},EX_TITLE#{(An Empirical Study on the BRAND)}]),(c8,Nowak,[EX_KEYWORDS#{(1990)},EX_TITLE#{(An Empirical Study on the SAND)}]),(c6,Nowak,[EX_KEYWORDS#{(1980)},EX_TITLE#{(An Empirical Study on the TRAND)}]),(c11,Nowak,[EX_KEYWORDS#{(2000)},EX_TITLE#{(An Empirical Study on the TRAND)}]),(c10,Nowak,[EX_KEYWORDS#{(2000)},EX_TITLE#{(An Empirical Study on the AND)}]),(c1,Nowak,[EX_KEYWORDS#{(2011)},EX_TITLE#{(An Empirical Study on the AND)}]),(c2,Nowak,[EX_KEYWORDS#{(2012)},EX_TITLE#{(An Empirical Study on the AND)}]),(c5,Nowak,[EX_KEYWORDS#{(2014)},EX_TITLE#{(An Empirical Study on the AND)}]),(c4,Nowak,[EX_KEYWORDS#{(2014)},EX_TITLE#{(An Empirical Study on the BAND)}]),(c3,Nowak,[EX_KEYWORDS#{(2013)},EX_TITLE#{(An Empirical Study on the BAND)}])},{(1,0,0.0),(2,0,0.0),(3,1,0.0),(4,3,0.0),(5,4,0.0),(6,5,0.0),(7,5,0.0),(8,5,0.0),(9,8,0.0),(10,9,0.0),(6,0,-1.0),(7,0,-1.0),(10,0,-1.0),(9,0,-1.0),(8,0,-1.0),(3,0,-1.0),(5,0,-1.0),(4,0,-1.0),(6,1,-1.0),(7,1,-1.0),(10,1,-1.0),(9,1,-1.0),(8,1,-1.0),(5,1,-1.0),(4,1,-1.0),(6,2,-1.0),(7,2,-1.0),(10,2,-1.0),(9,2,-1.0),(8,2,-1.0),(5,2,-1.0),(4,2,-1.0),(6,3,-1.0),(7,3,-1.0),(10,3,-1.0),(9,3,-1.0),(8,3,-1.0),(5,3,-1.0),(6,4,-1.0),(7,4,-1.0),(10,4,-1.0),(9,4,-1.0),(8,4,-1.0),(10,5,-1.0),(9,5,-1.0),(10,6,-1.0),(9,6,-1.0),(10,7,-1.0),(9,7,-1.0),(10,8,-1.0)})
({(b4,Kowalski,[EX_KEYWORDS#{(1990)},EX_TITLE#{(An Empirical Study on the BRAND)}]),(b3,Kowalski,[EX_KEYWORDS#{(1990)},EX_TITLE#{(An Empirical Study on the SAND)}]),(b2,Kowalski,[EX_KEYWORDS#{(1980)},EX_TITLE#{(An Empirical Study on the BRAND)}]),(b1,Kowalski,[EX_KEYWORDS#{(1980)},EX_TITLE#{(An Empirical Study on the TRAND)}])},{(1,0,0.0),(2,0,0.0),(3,2,0.0),(3,0,-1.0),(3,1,-1.0)})
({(a5,Kowalski,[EX_KEYWORDS#{(2014)},EX_TITLE#{(An Empirical Study on the AND)}]),(a4,Kowalski,[EX_KEYWORDS#{(2014)},EX_TITLE#{(An Empirical Study on the BAND)}]),(a2,Kowalski,[EX_KEYWORDS#{(2012)},EX_TITLE#{(An Empirical Study on the AND)}]),(a1,Kowalski,[EX_KEYWORDS#{(2011)},EX_TITLE#{(An Empirical Study on the AND)}]),(a3,Kowalski,[EX_KEYWORDS#{(2013)},EX_TITLE#{(An Empirical Study on the BAND)}])},{(1,0,0.0),(2,0,0.0),(3,0,0.0),(4,1,0.0),(4,0,-1.0)})
