(374259b3-d27b-3a3d-a809-f4af388d005f,{(d1),(d10),(d11),(d12),(d13),(d14),(d15),(d2),(d3),(d4),(d5),(d6),(d7),(d8),(d9)})
(3894d1ed-e73b-3abf-ac9f-20a1c9c73094,{(c3),(c4)})
(b285dd65-16bd-399a-a65c-d5a55d410f89,{(c1),(c2),(c5)})
(756787c3-d14e-3f1b-9645-e8914646010a,{(c6)})
(9b325bcc-06dd-3d7b-8c68-a219d1b59dff,{(c7),(c8),(c9)})
(6c536fa9-c0ec-390f-be81-66297ca9ba53,{(c10)})
(4d1fcec7-3688-36c7-919d-3335c026d122,{(c11)})
(fe68d6c1-ad26-3b37-bdc9-e0e211e92ae6,{(b1),(b2),(b3),(b4)})
(e071065d-01e7-3f4a-9596-90bd8c22d860,{(a1),(a2),(a3),(a4),(a5)})
