(5f0be34b-b091-340e-a897-5755ab076740,{(c1)})
(0a4879f2-9df4-3485-8247-6da977676e39,{(c2)})
(e8b60601-ccc7-3dfa-93a3-e9e8e0347f4f,{(c3)})
(81411268-e825-310e-8d03-9e3c262f7bae,{(c4),(c5)})
